[INFO] Scanning for projects...
[INFO] 
[INFO] ----------------------< com.lab211:ecommerce-sim >----------------------
[INFO] Building ecommerce-sim 1.0.0
[INFO]   from pom.xml
[INFO] --------------------------------[ war ]---------------------------------
[INFO] 
[INFO] >>> tomcat7:2.2:run (default-cli) > process-classes @ ecommerce-sim >>>
[INFO] 
[INFO] --- resources:3.3.1:resources (default-resources) @ ecommerce-sim ---
[INFO] Copying 1 resource from src\main\resources to target\classes
[INFO] 
[INFO] --- compiler:3.13.0:compile (default-compile) @ ecommerce-sim ---
[INFO] Nothing to compile - all classes are up to date.
[INFO] 
[INFO] <<< tomcat7:2.2:run (default-cli) < process-classes @ ecommerce-sim <<<
[INFO] 
[INFO] 
[INFO] --- tomcat7:2.2:run (default-cli) @ ecommerce-sim ---
[INFO] Running war on http://localhost:8080/ecommerce-sim
[INFO] Using existing Tomcat server configuration at C:\Users\triet\lab211\src\core_app\target\tomcat
[INFO] create webapp with contextPath: /ecommerce-sim
