Access is denied.
[INFO] Scanning for projects...
Downloading from central: https://repo.maven.apache.org/maven2/org/apache/maven/plugins/maven-clean-plugin/3.2.0/maven-clean-plugin-3.2.0.pom
[WARNING] Failed to retrieve plugin descriptor for org.apache.maven.plugins:maven-clean-plugin:3.2.0: Plugin org.apache.maven.plugins:maven-clean-plugin:3.2.0 or one of its dependencies could not be resolved:
	The following artifacts could not be resolved: org.apache.maven.plugins:maven-clean-plugin:pom:3.2.0 (absent): Could not transfer artifact org.apache.maven.plugins:maven-clean-plugin:pom:3.2.0 from/to central (https://repo.maven.apache.org/maven2): Permission denied: no further information

Downloading from central: https://repo.maven.apache.org/maven2/org/apache/maven/plugins/maven-install-plugin/3.1.2/maven-install-plugin-3.1.2.pom
[WARNING] Failed to retrieve plugin descriptor for org.apache.maven.plugins:maven-install-plugin:3.1.2: Plugin org.apache.maven.plugins:maven-install-plugin:3.1.2 or one of its dependencies could not be resolved:
	The following artifacts could not be resolved: org.apache.maven.plugins:maven-install-plugin:pom:3.1.2 (absent): Could not transfer artifact org.apache.maven.plugins:maven-install-plugin:pom:3.1.2 from/to central (https://repo.maven.apache.org/maven2): Permission denied: no further information

Downloading from central: https://repo.maven.apache.org/maven2/org/apache/maven/plugins/maven-deploy-plugin/3.1.2/maven-deploy-plugin-3.1.2.pom
[WARNING] Failed to retrieve plugin descriptor for org.apache.maven.plugins:maven-deploy-plugin:3.1.2: Plugin org.apache.maven.plugins:maven-deploy-plugin:3.1.2 or one of its dependencies could not be resolved:
	The following artifacts could not be resolved: org.apache.maven.plugins:maven-deploy-plugin:pom:3.1.2 (absent): Could not transfer artifact org.apache.maven.plugins:maven-deploy-plugin:pom:3.1.2 from/to central (https://repo.maven.apache.org/maven2): Permission denied: no further information

Downloading from central: https://repo.maven.apache.org/maven2/org/apache/maven/plugins/maven-site-plugin/3.12.1/maven-site-plugin-3.12.1.pom
[WARNING] Failed to retrieve plugin descriptor for org.apache.maven.plugins:maven-site-plugin:3.12.1: Plugin org.apache.maven.plugins:maven-site-plugin:3.12.1 or one of its dependencies could not be resolved:
	The following artifacts could not be resolved: org.apache.maven.plugins:maven-site-plugin:pom:3.12.1 (absent): Could not transfer artifact org.apache.maven.plugins:maven-site-plugin:pom:3.12.1 from/to central (https://repo.maven.apache.org/maven2): Permission denied: no further information

Downloading from central: https://repo.maven.apache.org/maven2/org/apache/maven/plugins/maven-antrun-plugin/3.1.0/maven-antrun-plugin-3.1.0.pom
[WARNING] Failed to retrieve plugin descriptor for org.apache.maven.plugins:maven-antrun-plugin:3.1.0: Plugin org.apache.maven.plugins:maven-antrun-plugin:3.1.0 or one of its dependencies could not be resolved:
	The following artifacts could not be resolved: org.apache.maven.plugins:maven-antrun-plugin:pom:3.1.0 (absent): Could not transfer artifact org.apache.maven.plugins:maven-antrun-plugin:pom:3.1.0 from/to central (https://repo.maven.apache.org/maven2): Permission denied: no further information

Downloading from central: https://repo.maven.apache.org/maven2/org/apache/maven/plugins/maven-assembly-plugin/3.7.1/maven-assembly-plugin-3.7.1.pom
[WARNING] Failed to retrieve plugin descriptor for org.apache.maven.plugins:maven-assembly-plugin:3.7.1: Plugin org.apache.maven.plugins:maven-assembly-plugin:3.7.1 or one of its dependencies could not be resolved:
	The following artifacts could not be resolved: org.apache.maven.plugins:maven-assembly-plugin:pom:3.7.1 (absent): Could not transfer artifact org.apache.maven.plugins:maven-assembly-plugin:pom:3.7.1 from/to central (https://repo.maven.apache.org/maven2): Permission denied: no further information

Downloading from central: https://repo.maven.apache.org/maven2/org/apache/maven/plugins/maven-dependency-plugin/3.7.0/maven-dependency-plugin-3.7.0.pom
[WARNING] Failed to retrieve plugin descriptor for org.apache.maven.plugins:maven-dependency-plugin:3.7.0: Plugin org.apache.maven.plugins:maven-dependency-plugin:3.7.0 or one of its dependencies could not be resolved:
	The following artifacts could not be resolved: org.apache.maven.plugins:maven-dependency-plugin:pom:3.7.0 (absent): Could not transfer artifact org.apache.maven.plugins:maven-dependency-plugin:pom:3.7.0 from/to central (https://repo.maven.apache.org/maven2): Permission denied: no further information

Downloading from central: https://repo.maven.apache.org/maven2/org/apache/maven/plugins/maven-release-plugin/3.0.1/maven-release-plugin-3.0.1.pom
[WARNING] Failed to retrieve plugin descriptor for org.apache.maven.plugins:maven-release-plugin:3.0.1: Plugin org.apache.maven.plugins:maven-release-plugin:3.0.1 or one of its dependencies could not be resolved:
	The following artifacts could not be resolved: org.apache.maven.plugins:maven-release-plugin:pom:3.0.1 (absent): Could not transfer artifact org.apache.maven.plugins:maven-release-plugin:pom:3.0.1 from/to central (https://repo.maven.apache.org/maven2): Permission denied: no further information

Downloading from central: https://repo.maven.apache.org/maven2/org/apache/maven/plugins/maven-metadata.xml
Downloading from central: https://repo.maven.apache.org/maven2/org/codehaus/mojo/maven-metadata.xml
[WARNING] Could not transfer metadata org.apache.maven.plugins/maven-metadata.xml from/to central (https://repo.maven.apache.org/maven2): Permission denied: no further information
[WARNING] Could not transfer metadata org.codehaus.mojo/maven-metadata.xml from/to central (https://repo.maven.apache.org/maven2): Permission denied: no further information
[WARNING] org.apache.maven.plugins/maven-metadata.xml failed to transfer from https://repo.maven.apache.org/maven2 during a previous attempt. This failure was cached in the local repository and resolution will not be reattempted until the update interval of central has elapsed or updates are forced. Original error: Could not transfer metadata org.apache.maven.plugins/maven-metadata.xml from/to central (https://repo.maven.apache.org/maven2): Permission denied: no further information
[WARNING] org.codehaus.mojo/maven-metadata.xml failed to transfer from https://repo.maven.apache.org/maven2 during a previous attempt. This failure was cached in the local repository and resolution will not be reattempted until the update interval of central has elapsed or updates are forced. Original error: Could not transfer metadata org.codehaus.mojo/maven-metadata.xml from/to central (https://repo.maven.apache.org/maven2): Permission denied: no further information
[INFO] ------------------------------------------------------------------------
[INFO] BUILD FAILURE
[INFO] ------------------------------------------------------------------------
[INFO] Total time:  8.780 s
[INFO] Finished at: 2026-03-25T07:38:00+07:00
[INFO] ------------------------------------------------------------------------
[ERROR] No plugin found for prefix 'tomcat7' in the current project and in the plugin groups [org.apache.maven.plugins, org.codehaus.mojo] available from the repositories [local (C:\Users\triet\lab211\.m2\repository), central (https://repo.maven.apache.org/maven2)] -> [Help 1]
[ERROR] 
[ERROR] To see the full stack trace of the errors, re-run Maven with the -e switch.
[ERROR] Re-run Maven using the -X switch to enable full debug logging.
[ERROR] 
[ERROR] For more information about the errors and possible solutions, please read the following articles:
[ERROR] [Help 1] http://cwiki.apache.org/confluence/display/MAVEN/NoPluginFoundForPrefixException
